
 Start  Stop   Length Name               Class

 00000H 000FFH 00100H PSP                PSP
 00100H 001FFH 00100H _IRQTEXT           LCODE
 00200H 00308H 00109H _LOWTEXT           LCODE
 00309H 0063FH 00337H _IO_TEXT           LCODE
 00640H 0077DH 0013EH _IO_FIXED_DATA     LCODE
 0077EH 00877H 000FAH _TEXT              LCODE
 00880H 0132FH 00AB0H _FIXED_DATA        FDATA
 01330H 015D9H 002AAH _BSS               BSS
 015DAH 01C35H 0065CH _DATA              DATA
 01C36H 01CF5H 000C0H _DATAEND           DATA
 01CF6H 01E07H 00112H CONST              DATA
 01E08H 02077H 00270H CONST2             DATA
 02078H 02078H 00000H DCONST             DCONST
 02078H 02079H 00002H DYN_DATA           DYN_DATA
 02080H 02080H 00000H HMA_TEXT_START     CODE
 02080H 0DEC0H 0BE41H HMA_TEXT           CODE
 0DEC1H 0DEC1H 00000H HMA_TEXT_END       CODE
 0DED0H 0DED0H 00000H INIT_TEXT_START    CODE
 0DED0H 127A5H 048D6H INIT_TEXT          CODE
 127A6H 127A6H 00000H INIT_TEXT_END      CODE
 127B0H 127B0H 00000H ID_B               ID
 127B0H 13717H 00F68H ID                 ID
 13718H 13718H 00000H IDATA              ID
 13718H 13718H 00000H ID_E               ID
 13718H 13718H 00000H IC                 IC
 13718H 13718H 00000H IB_B               IB
 13718H 146E7H 00FD0H IB                 IB
 146E8H 14AF7H 00410H IB_E               IB
 14AF8H 14AF8H 00000H _STACK             STACK

  Address         Publics by Name

 0208:9963       ADJUST_FAR
 0DED:2490       ALIGNPARAGRAPH
 0208:20D9       ALLOCATEHMASPACE
 0DED:01D3       ALLOCMEM
 0208:53C7       ALLOC_FIND_FREE
 0088:0620       apistk_bottom
 127B:11E0       ASKTHISSINGLECOMMAND
 127B:13EF       BASE_SEG
 0208:21F8       BINARYCHARIO
 0DED:456A       BIOS_DRIVE_RESET
 0DED:4535       BIOS_NRDRIVES
 0208:0874       BLDBPB
 0208:06DA       BLK_CLOSE
 0208:0FD1       BLK_ERROR
 0208:06F4       BLK_MEDIA
 0208:0FE4       BLK_NOERR
 0208:06EA       BLK_NONDR
 0208:06CA       BLK_OPEN
 0088:0F5A       blk_stk_top
 0208:0EB0       BLOCKIO
 0208:2D23       BLOCK_ERROR
 0208:5FC8       BPB_TO_DPB
 0208:2278       BUSY
 0208:13A7       BYTETOBCD
 0DED:38BF       CALCULATEFATDATA
 0208:1A86       CALL_NLS
 0DED:20CA       CFGBREAK
 0DED:1792       CFGBUFFERSHIGH
 0DED:22AD       CFGFAILURE
 0DED:2858       CFGIGNORE
 0DED:1B26       CFGKEYBUF
 0DED:18A3       CFGLASTDRIVE
 0DED:18EC       CFGLASTDRIVEHIGH
 0DED:285F       CFGMENU
 0DED:2BF8       CFGMENUCOLOR
 0DED:2B2D       CFGMENUDEFAULT
 0DED:28F1       CFGMENUESC
 0DED:19D2       CFGSWITCHAR
 0DED:19EB       CFGSWITCHES
 0208:2263       CHARCMD
 0208:2230       CHARIO
 0208:2180       CHARREQUEST
 0208:2CF4       CHAR_ERROR
 0DED:0DAC       CHECKCONTINUEBOOTFROMHARDDISK
 0208:2D6C       CHECK_HANDLE_BREAK
 0208:9FEE       CHILDENV
 0208:A143       CHILD_PSP
 0DED:2B83       CLEARSCREEN
 0208:5575       CLEAR_DIR
 0088:105A       clk_stk_top
 0208:3813       CLONEHANDLE
 0DED:0185       CLOSE
 0208:4B37       CLUS2PHYS
 0208:65FF       CLUSTERMESSAGE
 0088:12D8       CMD
 0DED:2DAC       CMDINSTALL
 0DED:2DBC       CMDINSTALLHIGH
 0DED:2F06       CMDSET
 127B:02CD       COMMANDS
 0208:744F       COMMONFCBINIT
 0010:017B       CommonNdRdExit
 0010:0632       ComTable
 127B:02B8       CONFIG
 0DED:1196       CONFIGDONE
 0DED:1772       CONFIG_BUFFERS
 0DED:26A7       CONFIG_INIT_BUFFERS
 0010:012B       ConInit
 0010:01B5       ConInpFlush
 0010:013B       ConRead
 0010:061A       ConTable
 0DED:3F03       CONVCHSTOINTERN
 0208:49ED       CONVERTNAME83TONAMESZ
 0208:4A77       CONVERTNAMESZTONAME83
 0208:341E       CONVERTPATHNAMETOFCBNAME
 0DED:3F3B       CONVPARTTABLEENTRYTOINTERN
 0010:01D4       ConWrite
 0208:228F       CON_FLUSH
 0208:2562       COOKED_READ
 0208:2393       COOKED_WRITE
 0DED:1F82       COUNTRY
 0208:B5BB       CPYBUF
 0088:0588       critical_sp
 0208:2D5F       CTRL_BREAK_PRESSED
 127B:0A46       CURRENTKERNELSEGMENT
 0088:058A       current_ddsc
 0088:059A       current_device
 0088:0000       DATASTART
 0088:1142       DAYS
 0208:2AB3       DAYSFROMYEARMONTHDAY
 0208:13C5       DAYTOBCD
 0208:1C64       DELETEBLOCKINBUFFERCACHE
 0208:5058       DELETE_DIR_ENTRY
 0DED:0EF2       DESELECTLASTLINE
 0208:253E       DESTR_BS
 0DED:0156       DETECTXMSDRIVER
 0DED:2186       DEVICE
 0DED:2139       DEVICEHIGH
 0208:3446       DEVICEOPENSFT
 0208:1DAB       DIRTY_BUFFERS
 0208:4DE6       DIR_EXISTS
 0208:456C       DIR_INIT_FNODE
 0208:45D8       DIR_OPEN
 0208:46BA       DIR_READ
 0208:47EF       DIR_WRITE_UPDATE
 0208:050E       DISKCHANGE
 0088:0AB0       DISKTRANSFERBUFFER
 0208:10E6       DMA_MAX_TRANSFER
 0DED:13D4       DOCONFIG
 0DED:2EAA       DOINSTALL
 0DED:2919       DOMENU
 127B:11E1       DONTASKTHISSINGLECOMMAND
 0208:3E42       DOSCHANGEDIR
 0208:39DC       DOSCLOSE
 0208:38FD       DOSCLOSESFT
 0208:A547       DOSCOMLOADER
 0DED:199F       DOSDATA
 0DED:3BA8       DOSDEFINEPARTITION
 0208:4215       DOSDELETE
 0208:95DF       DOSDEVIOCTL
 0208:384D       DOSDUP
 0208:AAC5       DOSEXEC
 0208:A81D       DOSEXELOADER
 0208:3F3B       DOSFINDFIRST
 0208:401F       DOSFINDNEXT
 0208:3887       DOSFORCEDUP
 0208:BA49       DOSGETCODEPAGE
 0208:BA19       DOSGETCOUNTRYINFORMATION
 0208:3DEB       DOSGETCUDIR
 0208:B970       DOSGETDATA
 0208:2BAC       DOSGETDATE
 0208:BA8C       DOSGETDBCS
 0208:3C09       DOSGETEXTFREE
 0208:4122       DOSGETFATTR
 0208:3A21       DOSGETFREE
 0208:40A3       DOSGETFTIME
 0208:2B15       DOSGETTIME
 127B:1CEC       DOSLOADEDINHMA
 0208:B716       DOSLOADPACKAGE
 0208:4366       DOSLOCKUNLOCK
 0DED:18FE       DOSMEM
 0208:998B       DOSMEMALLOC
 0208:9CC8       DOSMEMCHANGE
 0208:9DB7       DOSMEMCHECK
 0208:9C76       DOSMEMFREE
 0208:9C16       DOSMEMLARGEST
 0208:4306       DOSMKRMDIR
 0208:AD66       DOSMKTMP
 0208:3791       DOSOPEN
 0208:351C       DOSOPENSFT
 0208:42A0       DOSRENAME
 0208:4260       DOSRENAMETRUE
 0208:2FDD       DOSRWSFT
 0208:32CE       DOSSEEK
 0208:41F1       DOSSELECTDRV
 0208:BA67       DOSSETCODEPAGE
 0208:BA38       DOSSETCOUNTRY
 0208:2C38       DOSSETDATE
 0208:4176       DOSSETFATTR
 0208:40DF       DOSSETFTIMESFT
 0208:B6EE       DOSSETPACKAGE
 0208:2B46       DOSSETTIME
 0208:44FE       DOSTRUENAME
 0208:9EB7       DOSUMBLINK
 0208:B93E       DOSUPFCHAR
 0208:B900       DOSUPFMEM
 0208:B956       DOSUPFSTRING
 0208:B8B5       DOSUPMEM
 0208:B8E6       DOSUPSTRING
 0208:B87F       DOSYESNO
 0208:5EB2       DOS_CD
 0208:4D78       DOS_CLOSE
 0208:5090       DOS_DELETE
 0208:59B4       DOS_EXTEND
 0208:48E9       DOS_FINDFIRST
 0208:4941       DOS_FINDNEXT
 0208:5DA6       DOS_FREE
 0208:5408       DOS_GETDATE
 0208:5EFC       DOS_GETFATTR
 0208:5441       DOS_GETTIME
 0208:5044       DOS_MERGE_FILE_CHANGES
 0208:55FC       DOS_MKDIR
 0208:4C02       DOS_OPEN
 0208:5176       DOS_RENAME
 0208:50C1       DOS_RMDIR
 0208:5F24       DOS_SETFATTR
 0208:5F84       DPB16TO32
 0208:0FEE       DSKERR
 0208:1F4F       DSKXFER
 0DED:47BD       DSK_INIT
 0DED:0195       DUP2
 0DED:3338       DYNALLOC
 0DED:33C0       DYNFREE
 0DED:33EB       DYNLAST
 0DED:2FE7       EBDASIZE
 127B:13F5       EBDA_SIZE
 0208:2506       ECHO_CHAR
 0DED:0D6D       EMULATEDDRIVESTATUS
 0DED:3059       ENABLEDA20
 0DED:306D       ENABLEHMA
 0208:A4C8       EXECMEMALLOC
 0208:A472       EXECMEMLARGEST
 0208:1785       EXECRH
 0208:2AF9       EXECUTECLOCKDRIVERREQUEST
 0208:5771       EXTEND
 0208:581E       EXTEND_DIR
 0208:7420       EXTFCBTOFCB
 127B:0B24       EXTLBAFORCE
 0208:2340       FAST_PUT_CHAR
 0208:6D5A       FATGETDRVDATA
 0208:724E       FCBCALCREC
 0208:76F4       FCBCLOSE
 0208:779B       FCBCLOSEALL
 0208:74CD       FCBDELETE
 0208:77DC       FCBFINDFIRSTNEXT
 0208:7182       FCBGETFILESIZE
 0208:4E02       FCBMATCH
 0208:7486       FCBNAMEINIT
 0208:6FE3       FCBNEXTRECORD
 0208:734C       FCBOPEN
 0208:6DCD       FCBPARSEFNAME
 0208:728C       FCBRANDOMBLOCKIO
 0208:72F0       FCBRANDOMIO
 0208:7031       FCBREADWRITE
 0208:7002       FCBREC
 0208:7582       FCBRENAME
 0DED:1AD6       FCBS
 0208:7223       FCBSETRANDOM
 0208:4D47       FCMP_WILD
 0DED:185D       FILES
 0DED:1891       FILESHIGH
 0DED:0F35       FINDEND
 0208:5459       FIND_FAT_FREE
 0208:4E21       FIND_FNAME
 0208:538E       FIND_FREE
 0088:0CE0       FIRSTAVAILABLEBUF
 127B:0B26       FLOPPY_BPBS
 0208:1AA6       FLOPPY_CHANGE
 0208:1F07       FLUSH
 0208:1E45       FLUSH1
 0208:1DF8       FLUSH_BUFFERS
 0208:BD5D       FL_DISKCHANGED
 0208:BD75       FL_FORMAT
 0208:BDB1       FL_LBA_READWRITE
 0208:BD79       FL_READ
 0208:BDCB       FL_READKEY
 0208:BD52       FL_RESET
 0208:BDD0       FL_SETDISKTYPE
 0208:BDDD       FL_SETMEDIATYPE
 0208:BD7D       FL_VERIFY
 0208:BD81       FL_WRITE
 0208:1732       FMEMCHR
 0208:1763       FMEMCMP
 0208:1690       FMEMCPY
 0208:169D       FMEMSET
 0088:0CE5       FNODE
 0208:6420       FNODE_TO_SFT
 0088:1529       forceEnableA20
 0DED:2E67       FREE
 0208:9E40       FREEPROCESSMEM
 0DED:0787       FSCONFIG
 0208:172A       FSTRCHR
 0208:1749       FSTRCMP
 0208:16CF       FSTRCPY
 0208:16EF       FSTRLEN
 0208:09AD       GENBLKDEV
 0208:08F7       GENBLOCKIO
 0208:0956       GENBLOCKIOABS
 0DED:1544       GETBIOSKEY
 0208:1CEA       GETBLK
 0208:070D       GETBPB
 0208:0390       GETDDT
 0208:2E8C       GETDRIVEDPB
 0208:4AF1       GETDSTART
 0208:663B       GETFATBLOCK
 0208:0614       GETLOGDEV
 0208:6F4F       GETNAMEFIELD
 0DED:16CC       GETNUMARG
 0DED:1759       GETSTRINGARG
 0010:02F6       GetUnitNum
 0208:9F61       GETVEC
 0208:2E17       GET_CDS
 0208:2E6F       GET_CDS1
 0208:4B84       GET_DPB
 0208:330D       GET_FREE_HNDL
 0208:3363       GET_FREE_SFT
 0208:BBA7       GET_MACHINE_NAME
 0208:33D2       GET_ROOT
 0208:2FCC       GET_SFT
 0208:2F83       GET_SFT_IDX
 0208:2DC1       HANDLE_BREAK
 0208:BC26       HEXD
 0DED:3157       HMAALLOC
 127B:1CED       HMACLAIMED
 127B:1CEA       HMAFREE
 127B:13E8       HMASTATE
 0208:2F54       IDX_TO_SFT
 0208:2EE3       IDX_TO_SFT_
 0DED:47D2       INITBCDTOBYTE
 127B:1D36       INITDISKTRANSFERBUFFER
 0DED:0454       INITIALIZEALLBPBS
 0DED:0C9F       INITIO
 127B:0F68       INITKERNELCONFIG
 0DED:2090       INITPGM
 0DED:207E       INITPGMHIGH
 0DED:0CED       INITPRINTERS
 0DED:0D2D       INITSERIALPORTS
 0DED:00EC       INIT_CALL_INTR
 0DED:014C       INIT_CALL_XMSCALL
 0DED:47F1       INIT_CLK_DRIVER
 0DED:0B0B       INIT_DEVICE
 0208:4BBC       INIT_DIRENTRY
 0DED:01B6       INIT_DOSEXEC
 0DED:0177       INIT_DOSOPEN
 0DED:3533       INIT_DO_PRINTF
 0DED:008F       INIT_EXECRH
 0DED:0CD8       INIT_FATAL
 0DED:030F       INIT_FMEMCMP
 0DED:028C       INIT_FMEMCPY
 0DED:0299       INIT_FMEMSET
 0DED:3782       INIT_GETDRIVEPARM
 0DED:0590       INIT_GETVEC
 0DED:342E       INIT_HANDLE_CHAR
 0DED:06AB       INIT_KERNEL
 0DED:3829       INIT_LBA_TO_CHS
 0DED:3451       INIT_LTOB
 0DED:031C       INIT_MEMCMP
 0DED:0280       INIT_MEMCPY
 0DED:02AF       INIT_MEMSET
 0DED:2F91       INIT_OEM
 0DED:01AE       INIT_PSPSET
 0DED:3415       INIT_PUT_CONSOLE
 0DED:3740       INIT_READDASD
 0DED:01C6       INIT_SETDRIVE
 0DED:02F4       INIT_STRCHR
 0DED:02CB       INIT_STRCPY
 0DED:02DE       INIT_STRLEN
 0DED:01CE       INIT_SWITCHAR
 127B:2338       init_tos
 127B:17D4       INSTALLCOMMANDS
 0DED:2DCD       INSTALLEXEC
 0DED:312E       INSTALLVDISK
 0088:0584       int21regs_off
 0088:0586       int21regs_seg
 0208:7A66       INT21_FAT32
 0088:0580       int24_esbp
 0208:08A5       IOCTLQUEBLK
 0208:43E6       ISDEVICE
 0DED:25B3       ISNUM
 0208:44DA       ISSHAREINSTALLED
 0DED:24BF       ISWH
 0208:6D32       IS_FREE_CLUSTER
 0208:2A96       IS_LEAP_YEAR_MONTHDAYS
 0DED:3FC8       IS_SUSPECT
 0208:98E0       JOINMCBS
 0010:0158       KbdRdChar
 0DED:08C3       KERNEL
 0DED:242B       KERNELALLOC
 0DED:232C       KERNELALLOCPARA
 0DED:0172       KEYCHECK
 0DED:3D55       LBA_GET_DRIVE_PARAMETERS
 0208:1054       LBA_TO_CHS
 0208:1123       LBA_TRANSFER
 0088:105E       LBA_WRITE_VERIFY
 0077:000E       LDIV@
 0208:6858       LINK_FAT
 0077:0017       LMOD@
 0DED:1BF9       LOADCOUNTRYINFO
 0DED:2C6E       LOADCOUNTRYINFOHARDCODED
 0DED:219E       LOADDEVICE
 0208:A388       LOAD_TRANSFER
 0208:B572       LOCATESUBFCT
 127B:015A       LOL
 0DED:151E       LOOKUP
 127B:13E4       LPTOP
 0010:064A       LptTable
 0DED:019D       LSEEK
 0077:0012       LUDIV@
 0077:001C       LUMOD@
 0077:00E9       LXLSH@
 0077:00B1       LXMUL@
 0077:00CA       LXURSH@
 0DED:458D       MAKE_DDT
 0208:587D       MAP_CLUSTER
 0088:0026       MARK0026H
 0088:01FB       MARK01FBH
 127B:1751       MASTER_ENV
 0DED:2622       MCB_INIT
 0DED:2602       MCB_INIT_COPY
 0208:0569       MEDIACHK
 0208:62A2       MEDIA_CHECK
 0208:1770       MEMCMP
 0208:1684       MEMCPY
 0208:16B3       MEMSET
 127B:02B4       MENUCOLOR
 127B:13E9       MENULINE
 127B:12E2       MENUS
 127B:174B       MENUSELECTED
 127B:13F9       MENUSTRUCT
 127B:02CB       MENUTIMEOUT
 0208:4ECF       MERGE_FILE_CHANGES
 0DED:2FA9       MOVEBDA
 0DED:31B1       MOVEKERNEL
 0DED:30A4       MOVEKERNELTOHMA
 0208:1AD2       MOVE_BUFFER
 0DED:263C       MUMCB_INIT
 0208:B4EC       MUXBUFGO
 0208:B471       MUXGO
 0208:B49B       MUXLOADPKG
 127B:13F1       NCFGLINE
 0208:231D       NDREAD
 0208:BBFC       NETWORK_REDIRECTOR
 0208:BBE6       NETWORK_REDIRECTOR_FP
 0208:19F2       NETWORK_REDIRECTOR_MX
 0208:A0E5       NEW_PSP
 0208:6C5E       NEXT_CLUSTER
 0208:B6B1       NLSCPCHANGE
 0208:B76E       NLSFUPMEM
 0208:B62A       NLSGETDATA
 0208:B7D3       NLSISDBCS
 0208:B702       NLSLOADPACKAGE
 0208:B6BF       NLSSETPACKAGE
 0208:B74B       NLSUPMEM
 0208:B82E       NLSYESNO
 127B:13F7       NMENULINE
 127B:1CE8       NUMINSTALLCMDS
 0DED:20F9       NUMLOCK
 127B:1F36       NUNITS
 0088:0096       os_release
 0088:033C       owning_psp
 0208:2CD7       PANIC
 0208:6F2F       PARSESKIPWH
 0208:A228       PATCHPSP
 0208:0436       PLAY_DJ
 127B:174F       PLINESTART
 0208:3ED6       POP_DMP
 0DED:108A       POSTCONFIG
 0DED:0F6D       PRECONFIG
 0DED:0FCD       PRECONFIG2
 0088:05F0       prev_int21regs_off
 0088:05F2       prev_int21regs_seg
 0DED:11FD       PREV_MCB
 0DED:389E       PRINTCHS
 0DED:400E       PRINT_WARNING_SUSPECT
 0DED:43A1       PROCESSDISK
 0DED:0498       PSPINIT
 0DED:3B47       PUSH_DDT
 0208:BC0D       PUT_CONSOLE
 0208:BD34       PUT_STRING
 0208:BCE9       PUT_UNSIGNED
 127B:13F3       RAM_TOP
 0208:2677       RAW_GET_CHAR
 0DED:018C       READ
 0DED:4291       READ1LBASECTOR
 0DED:4607       READALLPARTITIONTABLES
 0208:BE06       READPCCLOCK
 0208:268C       READ_CHAR
 0208:26B9       READ_CHAR_CHECK_BREAK
 0208:25B0       READ_CHAR_SFT_DEV
 0208:26CD       READ_CHAR_STDIN
 0208:66CB       READ_FSINFO
 0208:26E9       READ_LINE
 0208:29FF       READ_LINE_HANDLE
 0208:00D5       reloc_call_cpm_entry
 0208:0134       reloc_call_int0_handler
 0208:0187       reloc_call_int19_handler
 0208:01A4       reloc_call_int20_handler
 0208:01A6       reloc_call_int21_handler
 0208:0244       reloc_call_int27_handler
 0208:18CE       reloc_call_int2f_handler
 0208:0182       reloc_call_int6_handler
 0208:025D       reloc_call_low_int25_handler
 0208:0255       reloc_call_low_int26_handler
 0208:1853       reloc_call_p_0
 0208:4531       REMOTE_LOCK_UNLOCK
 0208:4E78       REMOVE_LFN_ENTRIES
 0208:1AB3       RES_DOSEXEC
 0208:1AC3       RES_READ
 0088:0CE4       RETURNANYDOSVERSIONEXPECTED
 0208:A730       RETURN_USER
 0208:620F       RQBLOCKIO
 0208:59F8       RWBLOCK
 0208:05E7       RWZERO
 0DED:24FF       SCAN
 0DED:4057       SCANFORPRIMARYPARTITIONS
 0208:1B5A       SEARCHBLOCK
 0208:B50B       SEARCHPACKAGE
 0DED:0F13       SELECTLINE
 0DED:2820       SETANYDOS
 0208:4B14       SETDSTART
 0DED:2832       SETIDLEHALT
 0208:1D6D       SETINVLD
 0208:ACB8       SETJFTSIZE
 0208:0677       SETLOGDEV
 0DED:05ED       SETUP_INT_VECTORS
 0DED:05C2       SETVEC
 0208:9F93       SETVEC_RESIDENT
 0DED:01DF       SET_DTA
 0208:343A       SET_FCBNAME
 0208:BBC3       SET_MACHINE_NAME
 0DED:2E88       SET_STRATEGY
 0208:9FBE       SFTGETFSIZE
 0208:3211       SFTSEEK
 0208:22A0       SFT_TO_DEV
 0208:6344       SFT_TO_FNODE
 0208:19AB       SHARE_ACCESS_CHECK
 0208:198C       SHARE_CHECK
 0208:19A2       SHARE_CLOSE_FILE
 0088:1194       SHARE_INSTALLED
 0208:19CD       SHARE_LOCK_UNLOCK
 0208:1992       SHARE_OPEN_CHECK
 0088:0303       sharing_flag
 0208:64EB       SHRINK_FILE
 0DED:089D       SIGNON
 127B:174E       SINGLESTEP
 127B:17D1       SKIPALLCONFIG
 0DED:15B2       SKIPLINE
 0DED:24E5       SKIPWH
 127B:0407       SPECIFICCOUNTRIESSUPPORTED
 0208:4DBF       SPLIT_PATH
 0DED:1FFC       STACKS
 0DED:206C       STACKSHIGH
 0208:22CF       STDINBUSY
 0DED:266E       STRCASEEQUAL
 0DED:2650       STRCAT
 0208:170F       STRCHR
 0208:16DC       STRCPY
 0208:16F9       STRLEN
 0DED:25E7       STRUPR
 0208:46A1       SWAP_DELETED
 0DED:17A7       SYSSCREENMODE
 0DED:1800       SYSVERSION
 127B:11E2       SZBUF
 127B:12E4       SZLINE
 0208:03B5       TDELAY
 0088:1094       TEMPLATE_STRING
 0088:057E       term_psp
 0208:4AC9       TIME_ENCODE
 0208:03A2       TMARK
 0DED:25CD       TOUPPER
 0208:AE6D       TRUENAME
 127B:13EB       UMBSTATE
 127B:17D2       UMB_BASE_SEG
 0DED:00B8       UMB_GET_LARGEST
 0DED:123F       UMB_INIT
 127B:174C       UMB_START
 127B:13ED       UMB_TOP
 0DED:09BB       UPDATE_DCB
 0208:234C       UPDATE_SCR_POS
 0208:B5E1       UPMMEM
 0010:0409       uPrtNo
 0208:5357       WIPE_OUT
 0208:5280       WIPE_OUT_CLUSTERS
 0208:BE1F       WRITEATCLOCK
 0DED:0E5E       WRITEMENULINE
 0208:BE16       WRITEPCCLOCK
 0208:2474       WRITE_CHAR
 0208:2499       WRITE_CHAR_STDOUT
 0208:67A6       WRITE_FSINFO
 0208:B791       XUPMEM
 0010:0564       _aux_dev
 0010:0606       _blk_dev
 0208:03DB       _blk_driver
 0088:0069       _BootDrive
 0088:0337       _break_ena
 0088:034D       _break_flg
 0088:0079       _bufloc
 0088:003C       _CDSp
 0088:1503       _CharMapSrvc
 0088:035A       _CharReqHdr
 0088:0AA0       _char_api_tos
 0088:03B6       _ClkRecord
 0088:035A       _ClkReqHdr
 0010:05F4       _clk_dev
 0208:1404       _clk_driver
 0088:002E       _clock
 0DED:2D5F       _CMDINSTALL
 0010:0540       _con_dev
 0088:14EB       _cpm_entry
 0088:006A       _CPULevel
 0088:0326       _CritErrAction
 0088:0327       _CritErrClass
 0088:0324       _CritErrCode
 0088:0328       _CritErrDev
 0088:0322       _CritErrDrive
 0088:0323       _CritErrLocus
 0208:029D       _CriticalError
 0088:0315       _CritPatch
 0088:05CE       _current_filepos
 0088:05A2       _current_ldt
 0088:05AA       _current_sft_idx
 0088:0330       _cu_psp
 0088:0000       _DATASTART
 0088:0350       _DayOfMonth
 0088:0356       _DayOfWeek
 0088:1140       _DaysSinceEpoch
 0088:007A       _deblock_buf
 0088:0336       _default_drive
 0208:0031       _DGROUP_
 0088:135E       _DIRCHARS
 0088:054B       _DirEntBuffer
 0088:1521       _DISABLEA20
 0088:0920       _disk_api_tos
 0088:0358       _dosidle_flag
 0208:186B       _DosIdle_hlt
 0208:187E       _DosIdle_int
 0208:B8D0       _DosUpChar
 0088:0026       _DPBp
 0088:001E       _DskBuffer
 0088:032C       _dta
 0088:17F8       _Dyn
 0088:149E       _empty_handler
 0088:1517       _ENABLEA20
 0088:0320       _ErrorMode
 0088:07A0       _error_tos
 0088:156D       _ExecUserDisableA20
 0208:17C5       _exec_user
 0088:05FD       _ext_open_action
 0088:05FF       _ext_open_attrib
 0088:0601       _ext_open_mode
 0088:0040       _FCBp
 0088:006D       _firstbuf
 0088:00CC       _firstsftt
 0088:0024       _first_mcb
 0DED:0393       _FreeDOSmain
 0010:01FA       _got_cbreak
 0088:0D59       _HaltCpuWhileIdle
 0088:17F8       _hcTablesEnd
 0088:15D0       _hcTablesStart
 0088:0321       _InDOS
 0088:150B       _init_call_p_0
 0DED:008D       _INIT_DGROUP
 0DED:34FB       _init_printf
 0DED:3514       _init_sprintf
 0DED:01FB       _init_stacks
 0088:0022       _inputptr
 0088:14D3       _int0_handler
 0088:14E3       _int19_handler
 0010:0119       _int1e_table
 0088:14AB       _int20_handler
 0088:033A       _Int21AX
 0088:14B3       _int21_handler
 0208:022B       _int21_iret
 0208:7F15       _int21_service
 0208:7905       _int21_syscall
 0088:149E       _int22_handler
 0088:1585       _int24_handler
 0208:8F65       _int2526_handler
 0088:14CB       _int27_handler
 0088:149E       _int28_handler
 0010:01E8       _int29_handler
 0088:149E       _int2a_handler
 0208:9065       _int2F_12_handler
 0088:14A3       _int2f_handler
 0088:14DB       _int6_handler
 0088:0320       _internal_data
 0010:0100       _intvec_table
 0010:02E8       _IOCommandError
 0010:02E4       _IODone
 0010:02EA       _IOErrCnt
 0010:02F2       _IOErrorExit
 0010:02D0       _IOExit
 0088:0392       _IoReqHdr
 0010:02C6       _IOSuccess
 0010:012A       _kbdType
 0088:027B       _kb_buf
 0088:0047       _lastdrive
 0088:01FB       _local_buffer
 0088:0065       _LoL_nbuffers
 0000:0002       _LowKernelConfig
 0088:14BB       _low_int25_handler
 0088:14C3       _low_int26_handler
 0088:059E       _lpCurSft
 0088:033E       _MachineId
 0088:0036       _maxsecsize
 0088:037C       _MediaReqHdr
 0088:0302       _mem_access_mode
 0088:0351       _Month
 0088:0046       _nblkdev
 0088:000E       _NetBios
 0088:001C       _NetDelay
 0088:001A       _NetRetry
 0088:0305       _net_name
 0088:0304       _net_set_count
 0088:005A       _njoined
 0088:15B2       _nlsCntryInfoHardcoded
 0088:16EC       _nlsCollHardcoded
 0088:15B1       _nlsCountryInfoHardcoded
 0088:17EE       _nlsDBCSHardcoded
 0088:16D4       _nlsFnameTermHardcoded
 0088:1652       _nlsFUpcaseHardcoded
 0088:1370       _nlsInfo
 0088:1588       _nlsPackageHardcoded
 0088:15D0       _nlsUpcaseHardcoded
 0088:0044       _nprotfcb
 0088:0048       _nul_dev
 0088:1481       _nul_intr
 0088:1476       _nul_strtgy
 0088:056E       _OpenMode
 0088:0093       _os_major
 0088:0092       _os_minor
 0088:1216       _os_release
 0088:0091       _os_setver_major
 0088:0090       _os_setver_minor
 0088:05F0       _prev_user_r
 0088:02FE       _PrinterEcho
 0010:0552       _prn_dev
 0208:ABA2       _P_0
 0088:1476       _p_0_tos
 0DED:489D       _query_cpu
 0DED:0330       _query_memdisk
 0088:14F3       _reloc_call_blk_driver
 0208:17AE       _reloc_call_CharMapSrvc
 0088:14FB       _reloc_call_clk_driver
 0010:0209       _ReqPktPtr
 0088:0334       _return_code
 0088:056D       _SAttr
 0088:0300       _scr_pos
 0088:05A6       _sda_lpFcb
 0088:04BE       _sda_tmp_dm
 0088:0620       _sda_tmp_dm_ren
 0088:04D3       _SearchDir
 0088:0635       _SearchDir_ren
 0088:0572       _Server_Call
 0088:002A       _sfthead
 0208:17E4       _spawn_int23
 0088:033A       _swap_always
 0088:13B6       _swap_indos
 0088:0301       _switchar
 0208:BA99       _syscall_MUX14
 0088:0032       _syscon
 0088:04F3       _TempCDS
 0010:0127       _TEXT_DGROUP
 0088:057C       _tsr
 0088:0089       _uppermem_link
 0088:008C       _uppermem_root
 0088:0584       _user_r
 0088:02FF       _verify_ena
 0088:0095       _version_flags
 0088:0086       _VgaSet
 0088:056B       _wAttr
 0088:1513       _XMSDriverAddress
 0088:0352       _YearsSince1980
 0088:1513       __HMARelocationTableEnd
 0088:14A3       __HMARelocationTableStart
 0208:0000       __HMATextAvailable
 0208:BE41       __HMATextEnd
 0208:0000       __HMATextStart
 127B:1F38       __ib_end
 127B:0F68       __ib_start
 0DED:48D6       __InitTextEnd
 0DED:0000       __InitTextStart
 127B:0F68       __INIT_DATA_END
 127B:0000       __INIT_DATA_START
 127B:2348       __init_end
 0088:03BE       __PriPathBuffer
 0088:043E       __SecPathBuffer

  Address         Publics by Value

 0000:0002       _LowKernelConfig
 0010:0100       _intvec_table
 0010:0119       _int1e_table
 0010:0127       _TEXT_DGROUP
 0010:012A       _kbdType
 0010:012B       ConInit
 0010:013B       ConRead
 0010:0158       KbdRdChar
 0010:017B       CommonNdRdExit
 0010:01B5       ConInpFlush
 0010:01D4       ConWrite
 0010:01E8       _int29_handler
 0010:01FA       _got_cbreak
 0010:0209       _ReqPktPtr
 0010:02C6       _IOSuccess
 0010:02D0       _IOExit
 0010:02E4       _IODone
 0010:02E8       _IOCommandError
 0010:02EA       _IOErrCnt
 0010:02F2       _IOErrorExit
 0010:02F6       GetUnitNum
 0010:0409       uPrtNo
 0010:0540       _con_dev
 0010:0552       _prn_dev
 0010:0564       _aux_dev
 0010:05F4       _clk_dev
 0010:0606       _blk_dev
 0010:061A       ConTable
 0010:0632       ComTable
 0010:064A       LptTable
 0077:000E       LDIV@
 0077:0012       LUDIV@
 0077:0017       LMOD@
 0077:001C       LUMOD@
 0077:00B1       LXMUL@
 0077:00CA       LXURSH@
 0077:00E9       LXLSH@
 0088:0000       DATASTART
 0088:0000       _DATASTART
 0088:000E       _NetBios
 0088:001A       _NetRetry
 0088:001C       _NetDelay
 0088:001E       _DskBuffer
 0088:0022       _inputptr
 0088:0024       _first_mcb
 0088:0026       _DPBp
 0088:0026       MARK0026H
 0088:002A       _sfthead
 0088:002E       _clock
 0088:0032       _syscon
 0088:0036       _maxsecsize
 0088:003C       _CDSp
 0088:0040       _FCBp
 0088:0044       _nprotfcb
 0088:0046       _nblkdev
 0088:0047       _lastdrive
 0088:0048       _nul_dev
 0088:005A       _njoined
 0088:0065       _LoL_nbuffers
 0088:0069       _BootDrive
 0088:006A       _CPULevel
 0088:006D       _firstbuf
 0088:0079       _bufloc
 0088:007A       _deblock_buf
 0088:0086       _VgaSet
 0088:0089       _uppermem_link
 0088:008C       _uppermem_root
 0088:0090       _os_setver_minor
 0088:0091       _os_setver_major
 0088:0092       _os_minor
 0088:0093       _os_major
 0088:0095       _version_flags
 0088:0096       os_release
 0088:00CC       _firstsftt
 0088:01FB       MARK01FBH
 0088:01FB       _local_buffer
 0088:027B       _kb_buf
 0088:02FE       _PrinterEcho
 0088:02FF       _verify_ena
 0088:0300       _scr_pos
 0088:0301       _switchar
 0088:0302       _mem_access_mode
 0088:0303       sharing_flag
 0088:0304       _net_set_count
 0088:0305       _net_name
 0088:0315       _CritPatch
 0088:0320       _ErrorMode
 0088:0320       _internal_data
 0088:0321       _InDOS
 0088:0322       _CritErrDrive
 0088:0323       _CritErrLocus
 0088:0324       _CritErrCode
 0088:0326       _CritErrAction
 0088:0327       _CritErrClass
 0088:0328       _CritErrDev
 0088:032C       _dta
 0088:0330       _cu_psp
 0088:0334       _return_code
 0088:0336       _default_drive
 0088:0337       _break_ena
 0088:033A       _Int21AX
 0088:033A       _swap_always
 0088:033C       owning_psp
 0088:033E       _MachineId
 0088:034D       _break_flg
 0088:0350       _DayOfMonth
 0088:0351       _Month
 0088:0352       _YearsSince1980
 0088:0356       _DayOfWeek
 0088:0358       _dosidle_flag
 0088:035A       _CharReqHdr
 0088:035A       _ClkReqHdr
 0088:037C       _MediaReqHdr
 0088:0392       _IoReqHdr
 0088:03B6       _ClkRecord
 0088:03BE       __PriPathBuffer
 0088:043E       __SecPathBuffer
 0088:04BE       _sda_tmp_dm
 0088:04D3       _SearchDir
 0088:04F3       _TempCDS
 0088:054B       _DirEntBuffer
 0088:056B       _wAttr
 0088:056D       _SAttr
 0088:056E       _OpenMode
 0088:0572       _Server_Call
 0088:057C       _tsr
 0088:057E       term_psp
 0088:0580       int24_esbp
 0088:0584       _user_r
 0088:0584       int21regs_off
 0088:0586       int21regs_seg
 0088:0588       critical_sp
 0088:058A       current_ddsc
 0088:059A       current_device
 0088:059E       _lpCurSft
 0088:05A2       _current_ldt
 0088:05A6       _sda_lpFcb
 0088:05AA       _current_sft_idx
 0088:05CE       _current_filepos
 0088:05F0       prev_int21regs_off
 0088:05F0       _prev_user_r
 0088:05F2       prev_int21regs_seg
 0088:05FD       _ext_open_action
 0088:05FF       _ext_open_attrib
 0088:0601       _ext_open_mode
 0088:0620       apistk_bottom
 0088:0620       _sda_tmp_dm_ren
 0088:0635       _SearchDir_ren
 0088:07A0       _error_tos
 0088:0920       _disk_api_tos
 0088:0AA0       _char_api_tos
 0088:0AB0       DISKTRANSFERBUFFER
 0088:0CE0       FIRSTAVAILABLEBUF
 0088:0CE4       RETURNANYDOSVERSIONEXPECTED
 0088:0CE5       FNODE
 0088:0D59       _HaltCpuWhileIdle
 0088:0F5A       blk_stk_top
 0088:105A       clk_stk_top
 0088:105E       LBA_WRITE_VERIFY
 0088:1094       TEMPLATE_STRING
 0088:1140       _DaysSinceEpoch
 0088:1142       DAYS
 0088:1194       SHARE_INSTALLED
 0088:1216       _os_release
 0088:12D8       CMD
 0088:135E       _DIRCHARS
 0088:1370       _nlsInfo
 0088:13B6       _swap_indos
 0088:1476       _p_0_tos
 0088:1476       _nul_strtgy
 0088:1481       _nul_intr
 0088:149E       _int2a_handler
 0088:149E       _int22_handler
 0088:149E       _empty_handler
 0088:149E       _int28_handler
 0088:14A3       __HMARelocationTableStart
 0088:14A3       _int2f_handler
 0088:14AB       _int20_handler
 0088:14B3       _int21_handler
 0088:14BB       _low_int25_handler
 0088:14C3       _low_int26_handler
 0088:14CB       _int27_handler
 0088:14D3       _int0_handler
 0088:14DB       _int6_handler
 0088:14E3       _int19_handler
 0088:14EB       _cpm_entry
 0088:14F3       _reloc_call_blk_driver
 0088:14FB       _reloc_call_clk_driver
 0088:1503       _CharMapSrvc
 0088:150B       _init_call_p_0
 0088:1513       _XMSDriverAddress
 0088:1513       __HMARelocationTableEnd
 0088:1517       _ENABLEA20
 0088:1521       _DISABLEA20
 0088:1529       forceEnableA20
 0088:156D       _ExecUserDisableA20
 0088:1585       _int24_handler
 0088:1588       _nlsPackageHardcoded
 0088:15B1       _nlsCountryInfoHardcoded
 0088:15B2       _nlsCntryInfoHardcoded
 0088:15D0       _nlsUpcaseHardcoded
 0088:15D0       _hcTablesStart
 0088:1652       _nlsFUpcaseHardcoded
 0088:16D4       _nlsFnameTermHardcoded
 0088:16EC       _nlsCollHardcoded
 0088:17EE       _nlsDBCSHardcoded
 0088:17F8       _hcTablesEnd
 0088:17F8       _Dyn
 0208:0000       __HMATextAvailable
 0208:0000       __HMATextStart
 0208:0031       _DGROUP_
 0208:00D5       reloc_call_cpm_entry
 0208:0134       reloc_call_int0_handler
 0208:0182       reloc_call_int6_handler
 0208:0187       reloc_call_int19_handler
 0208:01A4       reloc_call_int20_handler
 0208:01A6       reloc_call_int21_handler
 0208:022B       _int21_iret
 0208:0244       reloc_call_int27_handler
 0208:0255       reloc_call_low_int26_handler
 0208:025D       reloc_call_low_int25_handler
 0208:029D       _CriticalError
 0208:0390       GETDDT
 0208:03A2       TMARK
 0208:03B5       TDELAY
 0208:03DB       _blk_driver
 0208:0436       PLAY_DJ
 0208:050E       DISKCHANGE
 0208:0569       MEDIACHK
 0208:05E7       RWZERO
 0208:0614       GETLOGDEV
 0208:0677       SETLOGDEV
 0208:06CA       BLK_OPEN
 0208:06DA       BLK_CLOSE
 0208:06EA       BLK_NONDR
 0208:06F4       BLK_MEDIA
 0208:070D       GETBPB
 0208:0874       BLDBPB
 0208:08A5       IOCTLQUEBLK
 0208:08F7       GENBLOCKIO
 0208:0956       GENBLOCKIOABS
 0208:09AD       GENBLKDEV
 0208:0EB0       BLOCKIO
 0208:0FD1       BLK_ERROR
 0208:0FE4       BLK_NOERR
 0208:0FEE       DSKERR
 0208:1054       LBA_TO_CHS
 0208:10E6       DMA_MAX_TRANSFER
 0208:1123       LBA_TRANSFER
 0208:13A7       BYTETOBCD
 0208:13C5       DAYTOBCD
 0208:1404       _clk_driver
 0208:1684       MEMCPY
 0208:1690       FMEMCPY
 0208:169D       FMEMSET
 0208:16B3       MEMSET
 0208:16CF       FSTRCPY
 0208:16DC       STRCPY
 0208:16EF       FSTRLEN
 0208:16F9       STRLEN
 0208:170F       STRCHR
 0208:172A       FSTRCHR
 0208:1732       FMEMCHR
 0208:1749       FSTRCMP
 0208:1763       FMEMCMP
 0208:1770       MEMCMP
 0208:1785       EXECRH
 0208:17AE       _reloc_call_CharMapSrvc
 0208:17C5       _exec_user
 0208:17E4       _spawn_int23
 0208:1853       reloc_call_p_0
 0208:186B       _DosIdle_hlt
 0208:187E       _DosIdle_int
 0208:18CE       reloc_call_int2f_handler
 0208:198C       SHARE_CHECK
 0208:1992       SHARE_OPEN_CHECK
 0208:19A2       SHARE_CLOSE_FILE
 0208:19AB       SHARE_ACCESS_CHECK
 0208:19CD       SHARE_LOCK_UNLOCK
 0208:19F2       NETWORK_REDIRECTOR_MX
 0208:1A86       CALL_NLS
 0208:1AA6       FLOPPY_CHANGE
 0208:1AB3       RES_DOSEXEC
 0208:1AC3       RES_READ
 0208:1AD2       MOVE_BUFFER
 0208:1B5A       SEARCHBLOCK
 0208:1C64       DELETEBLOCKINBUFFERCACHE
 0208:1CEA       GETBLK
 0208:1D6D       SETINVLD
 0208:1DAB       DIRTY_BUFFERS
 0208:1DF8       FLUSH_BUFFERS
 0208:1E45       FLUSH1
 0208:1F07       FLUSH
 0208:1F4F       DSKXFER
 0208:20D9       ALLOCATEHMASPACE
 0208:2180       CHARREQUEST
 0208:21F8       BINARYCHARIO
 0208:2230       CHARIO
 0208:2263       CHARCMD
 0208:2278       BUSY
 0208:228F       CON_FLUSH
 0208:22A0       SFT_TO_DEV
 0208:22CF       STDINBUSY
 0208:231D       NDREAD
 0208:2340       FAST_PUT_CHAR
 0208:234C       UPDATE_SCR_POS
 0208:2393       COOKED_WRITE
 0208:2474       WRITE_CHAR
 0208:2499       WRITE_CHAR_STDOUT
 0208:2506       ECHO_CHAR
 0208:253E       DESTR_BS
 0208:2562       COOKED_READ
 0208:25B0       READ_CHAR_SFT_DEV
 0208:2677       RAW_GET_CHAR
 0208:268C       READ_CHAR
 0208:26B9       READ_CHAR_CHECK_BREAK
 0208:26CD       READ_CHAR_STDIN
 0208:26E9       READ_LINE
 0208:29FF       READ_LINE_HANDLE
 0208:2A96       IS_LEAP_YEAR_MONTHDAYS
 0208:2AB3       DAYSFROMYEARMONTHDAY
 0208:2AF9       EXECUTECLOCKDRIVERREQUEST
 0208:2B15       DOSGETTIME
 0208:2B46       DOSSETTIME
 0208:2BAC       DOSGETDATE
 0208:2C38       DOSSETDATE
 0208:2CD7       PANIC
 0208:2CF4       CHAR_ERROR
 0208:2D23       BLOCK_ERROR
 0208:2D5F       CTRL_BREAK_PRESSED
 0208:2D6C       CHECK_HANDLE_BREAK
 0208:2DC1       HANDLE_BREAK
 0208:2E17       GET_CDS
 0208:2E6F       GET_CDS1
 0208:2E8C       GETDRIVEDPB
 0208:2EE3       IDX_TO_SFT_
 0208:2F54       IDX_TO_SFT
 0208:2F83       GET_SFT_IDX
 0208:2FCC       GET_SFT
 0208:2FDD       DOSRWSFT
 0208:3211       SFTSEEK
 0208:32CE       DOSSEEK
 0208:330D       GET_FREE_HNDL
 0208:3363       GET_FREE_SFT
 0208:33D2       GET_ROOT
 0208:341E       CONVERTPATHNAMETOFCBNAME
 0208:343A       SET_FCBNAME
 0208:3446       DEVICEOPENSFT
 0208:351C       DOSOPENSFT
 0208:3791       DOSOPEN
 0208:3813       CLONEHANDLE
 0208:384D       DOSDUP
 0208:3887       DOSFORCEDUP
 0208:38FD       DOSCLOSESFT
 0208:39DC       DOSCLOSE
 0208:3A21       DOSGETFREE
 0208:3C09       DOSGETEXTFREE
 0208:3DEB       DOSGETCUDIR
 0208:3E42       DOSCHANGEDIR
 0208:3ED6       POP_DMP
 0208:3F3B       DOSFINDFIRST
 0208:401F       DOSFINDNEXT
 0208:40A3       DOSGETFTIME
 0208:40DF       DOSSETFTIMESFT
 0208:4122       DOSGETFATTR
 0208:4176       DOSSETFATTR
 0208:41F1       DOSSELECTDRV
 0208:4215       DOSDELETE
 0208:4260       DOSRENAMETRUE
 0208:42A0       DOSRENAME
 0208:4306       DOSMKRMDIR
 0208:4366       DOSLOCKUNLOCK
 0208:43E6       ISDEVICE
 0208:44DA       ISSHAREINSTALLED
 0208:44FE       DOSTRUENAME
 0208:4531       REMOTE_LOCK_UNLOCK
 0208:456C       DIR_INIT_FNODE
 0208:45D8       DIR_OPEN
 0208:46A1       SWAP_DELETED
 0208:46BA       DIR_READ
 0208:47EF       DIR_WRITE_UPDATE
 0208:48E9       DOS_FINDFIRST
 0208:4941       DOS_FINDNEXT
 0208:49ED       CONVERTNAME83TONAMESZ
 0208:4A77       CONVERTNAMESZTONAME83
 0208:4AC9       TIME_ENCODE
 0208:4AF1       GETDSTART
 0208:4B14       SETDSTART
 0208:4B37       CLUS2PHYS
 0208:4B84       GET_DPB
 0208:4BBC       INIT_DIRENTRY
 0208:4C02       DOS_OPEN
 0208:4D47       FCMP_WILD
 0208:4D78       DOS_CLOSE
 0208:4DBF       SPLIT_PATH
 0208:4DE6       DIR_EXISTS
 0208:4E02       FCBMATCH
 0208:4E21       FIND_FNAME
 0208:4E78       REMOVE_LFN_ENTRIES
 0208:4ECF       MERGE_FILE_CHANGES
 0208:5044       DOS_MERGE_FILE_CHANGES
 0208:5058       DELETE_DIR_ENTRY
 0208:5090       DOS_DELETE
 0208:50C1       DOS_RMDIR
 0208:5176       DOS_RENAME
 0208:5280       WIPE_OUT_CLUSTERS
 0208:5357       WIPE_OUT
 0208:538E       FIND_FREE
 0208:53C7       ALLOC_FIND_FREE
 0208:5408       DOS_GETDATE
 0208:5441       DOS_GETTIME
 0208:5459       FIND_FAT_FREE
 0208:5575       CLEAR_DIR
 0208:55FC       DOS_MKDIR
 0208:5771       EXTEND
 0208:581E       EXTEND_DIR
 0208:587D       MAP_CLUSTER
 0208:59B4       DOS_EXTEND
 0208:59F8       RWBLOCK
 0208:5DA6       DOS_FREE
 0208:5EB2       DOS_CD
 0208:5EFC       DOS_GETFATTR
 0208:5F24       DOS_SETFATTR
 0208:5F84       DPB16TO32
 0208:5FC8       BPB_TO_DPB
 0208:620F       RQBLOCKIO
 0208:62A2       MEDIA_CHECK
 0208:6344       SFT_TO_FNODE
 0208:6420       FNODE_TO_SFT
 0208:64EB       SHRINK_FILE
 0208:65FF       CLUSTERMESSAGE
 0208:663B       GETFATBLOCK
 0208:66CB       READ_FSINFO
 0208:67A6       WRITE_FSINFO
 0208:6858       LINK_FAT
 0208:6C5E       NEXT_CLUSTER
 0208:6D32       IS_FREE_CLUSTER
 0208:6D5A       FATGETDRVDATA
 0208:6DCD       FCBPARSEFNAME
 0208:6F2F       PARSESKIPWH
 0208:6F4F       GETNAMEFIELD
 0208:6FE3       FCBNEXTRECORD
 0208:7002       FCBREC
 0208:7031       FCBREADWRITE
 0208:7182       FCBGETFILESIZE
 0208:7223       FCBSETRANDOM
 0208:724E       FCBCALCREC
 0208:728C       FCBRANDOMBLOCKIO
 0208:72F0       FCBRANDOMIO
 0208:734C       FCBOPEN
 0208:7420       EXTFCBTOFCB
 0208:744F       COMMONFCBINIT
 0208:7486       FCBNAMEINIT
 0208:74CD       FCBDELETE
 0208:7582       FCBRENAME
 0208:76F4       FCBCLOSE
 0208:779B       FCBCLOSEALL
 0208:77DC       FCBFINDFIRSTNEXT
 0208:7905       _int21_syscall
 0208:7A66       INT21_FAT32
 0208:7F15       _int21_service
 0208:8F65       _int2526_handler
 0208:9065       _int2F_12_handler
 0208:95DF       DOSDEVIOCTL
 0208:98E0       JOINMCBS
 0208:9963       ADJUST_FAR
 0208:998B       DOSMEMALLOC
 0208:9C16       DOSMEMLARGEST
 0208:9C76       DOSMEMFREE
 0208:9CC8       DOSMEMCHANGE
 0208:9DB7       DOSMEMCHECK
 0208:9E40       FREEPROCESSMEM
 0208:9EB7       DOSUMBLINK
 0208:9F61       GETVEC
 0208:9F93       SETVEC_RESIDENT
 0208:9FBE       SFTGETFSIZE
 0208:9FEE       CHILDENV
 0208:A0E5       NEW_PSP
 0208:A143       CHILD_PSP
 0208:A228       PATCHPSP
 0208:A388       LOAD_TRANSFER
 0208:A472       EXECMEMLARGEST
 0208:A4C8       EXECMEMALLOC
 0208:A547       DOSCOMLOADER
 0208:A730       RETURN_USER
 0208:A81D       DOSEXELOADER
 0208:AAC5       DOSEXEC
 0208:ABA2       _P_0
 0208:ACB8       SETJFTSIZE
 0208:AD66       DOSMKTMP
 0208:AE6D       TRUENAME
 0208:B471       MUXGO
 0208:B49B       MUXLOADPKG
 0208:B4EC       MUXBUFGO
 0208:B50B       SEARCHPACKAGE
 0208:B572       LOCATESUBFCT
 0208:B5BB       CPYBUF
 0208:B5E1       UPMMEM
 0208:B62A       NLSGETDATA
 0208:B6B1       NLSCPCHANGE
 0208:B6BF       NLSSETPACKAGE
 0208:B6EE       DOSSETPACKAGE
 0208:B702       NLSLOADPACKAGE
 0208:B716       DOSLOADPACKAGE
 0208:B74B       NLSUPMEM
 0208:B76E       NLSFUPMEM
 0208:B791       XUPMEM
 0208:B7D3       NLSISDBCS
 0208:B82E       NLSYESNO
 0208:B87F       DOSYESNO
 0208:B8B5       DOSUPMEM
 0208:B8D0       _DosUpChar
 0208:B8E6       DOSUPSTRING
 0208:B900       DOSUPFMEM
 0208:B93E       DOSUPFCHAR
 0208:B956       DOSUPFSTRING
 0208:B970       DOSGETDATA
 0208:BA19       DOSGETCOUNTRYINFORMATION
 0208:BA38       DOSSETCOUNTRY
 0208:BA49       DOSGETCODEPAGE
 0208:BA67       DOSSETCODEPAGE
 0208:BA8C       DOSGETDBCS
 0208:BA99       _syscall_MUX14
 0208:BBA7       GET_MACHINE_NAME
 0208:BBC3       SET_MACHINE_NAME
 0208:BBE6       NETWORK_REDIRECTOR_FP
 0208:BBFC       NETWORK_REDIRECTOR
 0208:BC0D       PUT_CONSOLE
 0208:BC26       HEXD
 0208:BCE9       PUT_UNSIGNED
 0208:BD34       PUT_STRING
 0208:BD52       FL_RESET
 0208:BD5D       FL_DISKCHANGED
 0208:BD75       FL_FORMAT
 0208:BD79       FL_READ
 0208:BD7D       FL_VERIFY
 0208:BD81       FL_WRITE
 0208:BDB1       FL_LBA_READWRITE
 0208:BDCB       FL_READKEY
 0208:BDD0       FL_SETDISKTYPE
 0208:BDDD       FL_SETMEDIATYPE
 0208:BE06       READPCCLOCK
 0208:BE16       WRITEPCCLOCK
 0208:BE1F       WRITEATCLOCK
 0208:BE41       __HMATextEnd
 0DED:0000       __InitTextStart
 0DED:008D       _INIT_DGROUP
 0DED:008F       INIT_EXECRH
 0DED:00B8       UMB_GET_LARGEST
 0DED:00EC       INIT_CALL_INTR
 0DED:014C       INIT_CALL_XMSCALL
 0DED:0156       DETECTXMSDRIVER
 0DED:0172       KEYCHECK
 0DED:0177       INIT_DOSOPEN
 0DED:0185       CLOSE
 0DED:018C       READ
 0DED:0195       DUP2
 0DED:019D       LSEEK
 0DED:01AE       INIT_PSPSET
 0DED:01B6       INIT_DOSEXEC
 0DED:01C6       INIT_SETDRIVE
 0DED:01CE       INIT_SWITCHAR
 0DED:01D3       ALLOCMEM
 0DED:01DF       SET_DTA
 0DED:01FB       _init_stacks
 0DED:0280       INIT_MEMCPY
 0DED:028C       INIT_FMEMCPY
 0DED:0299       INIT_FMEMSET
 0DED:02AF       INIT_MEMSET
 0DED:02CB       INIT_STRCPY
 0DED:02DE       INIT_STRLEN
 0DED:02F4       INIT_STRCHR
 0DED:030F       INIT_FMEMCMP
 0DED:031C       INIT_MEMCMP
 0DED:0330       _query_memdisk
 0DED:0393       _FreeDOSmain
 0DED:0454       INITIALIZEALLBPBS
 0DED:0498       PSPINIT
 0DED:0590       INIT_GETVEC
 0DED:05C2       SETVEC
 0DED:05ED       SETUP_INT_VECTORS
 0DED:06AB       INIT_KERNEL
 0DED:0787       FSCONFIG
 0DED:089D       SIGNON
 0DED:08C3       KERNEL
 0DED:09BB       UPDATE_DCB
 0DED:0B0B       INIT_DEVICE
 0DED:0C9F       INITIO
 0DED:0CD8       INIT_FATAL
 0DED:0CED       INITPRINTERS
 0DED:0D2D       INITSERIALPORTS
 0DED:0D6D       EMULATEDDRIVESTATUS
 0DED:0DAC       CHECKCONTINUEBOOTFROMHARDDISK
 0DED:0E5E       WRITEMENULINE
 0DED:0EF2       DESELECTLASTLINE
 0DED:0F13       SELECTLINE
 0DED:0F35       FINDEND
 0DED:0F6D       PRECONFIG
 0DED:0FCD       PRECONFIG2
 0DED:108A       POSTCONFIG
 0DED:1196       CONFIGDONE
 0DED:11FD       PREV_MCB
 0DED:123F       UMB_INIT
 0DED:13D4       DOCONFIG
 0DED:151E       LOOKUP
 0DED:1544       GETBIOSKEY
 0DED:15B2       SKIPLINE
 0DED:16CC       GETNUMARG
 0DED:1759       GETSTRINGARG
 0DED:1772       CONFIG_BUFFERS
 0DED:1792       CFGBUFFERSHIGH
 0DED:17A7       SYSSCREENMODE
 0DED:1800       SYSVERSION
 0DED:185D       FILES
 0DED:1891       FILESHIGH
 0DED:18A3       CFGLASTDRIVE
 0DED:18EC       CFGLASTDRIVEHIGH
 0DED:18FE       DOSMEM
 0DED:199F       DOSDATA
 0DED:19D2       CFGSWITCHAR
 0DED:19EB       CFGSWITCHES
 0DED:1AD6       FCBS
 0DED:1B26       CFGKEYBUF
 0DED:1BF9       LOADCOUNTRYINFO
 0DED:1F82       COUNTRY
 0DED:1FFC       STACKS
 0DED:206C       STACKSHIGH
 0DED:207E       INITPGMHIGH
 0DED:2090       INITPGM
 0DED:20CA       CFGBREAK
 0DED:20F9       NUMLOCK
 0DED:2139       DEVICEHIGH
 0DED:2186       DEVICE
 0DED:219E       LOADDEVICE
 0DED:22AD       CFGFAILURE
 0DED:232C       KERNELALLOCPARA
 0DED:242B       KERNELALLOC
 0DED:2490       ALIGNPARAGRAPH
 0DED:24BF       ISWH
 0DED:24E5       SKIPWH
 0DED:24FF       SCAN
 0DED:25B3       ISNUM
 0DED:25CD       TOUPPER
 0DED:25E7       STRUPR
 0DED:2602       MCB_INIT_COPY
 0DED:2622       MCB_INIT
 0DED:263C       MUMCB_INIT
 0DED:2650       STRCAT
 0DED:266E       STRCASEEQUAL
 0DED:26A7       CONFIG_INIT_BUFFERS
 0DED:2820       SETANYDOS
 0DED:2832       SETIDLEHALT
 0DED:2858       CFGIGNORE
 0DED:285F       CFGMENU
 0DED:28F1       CFGMENUESC
 0DED:2919       DOMENU
 0DED:2B2D       CFGMENUDEFAULT
 0DED:2B83       CLEARSCREEN
 0DED:2BF8       CFGMENUCOLOR
 0DED:2C6E       LOADCOUNTRYINFOHARDCODED
 0DED:2D5F       _CMDINSTALL
 0DED:2DAC       CMDINSTALL
 0DED:2DBC       CMDINSTALLHIGH
 0DED:2DCD       INSTALLEXEC
 0DED:2E67       FREE
 0DED:2E88       SET_STRATEGY
 0DED:2EAA       DOINSTALL
 0DED:2F06       CMDSET
 0DED:2F91       INIT_OEM
 0DED:2FA9       MOVEBDA
 0DED:2FE7       EBDASIZE
 0DED:3059       ENABLEDA20
 0DED:306D       ENABLEHMA
 0DED:30A4       MOVEKERNELTOHMA
 0DED:312E       INSTALLVDISK
 0DED:3157       HMAALLOC
 0DED:31B1       MOVEKERNEL
 0DED:3338       DYNALLOC
 0DED:33C0       DYNFREE
 0DED:33EB       DYNLAST
 0DED:3415       INIT_PUT_CONSOLE
 0DED:342E       INIT_HANDLE_CHAR
 0DED:3451       INIT_LTOB
 0DED:34FB       _init_printf
 0DED:3514       _init_sprintf
 0DED:3533       INIT_DO_PRINTF
 0DED:3740       INIT_READDASD
 0DED:3782       INIT_GETDRIVEPARM
 0DED:3829       INIT_LBA_TO_CHS
 0DED:389E       PRINTCHS
 0DED:38BF       CALCULATEFATDATA
 0DED:3B47       PUSH_DDT
 0DED:3BA8       DOSDEFINEPARTITION
 0DED:3D55       LBA_GET_DRIVE_PARAMETERS
 0DED:3F03       CONVCHSTOINTERN
 0DED:3F3B       CONVPARTTABLEENTRYTOINTERN
 0DED:3FC8       IS_SUSPECT
 0DED:400E       PRINT_WARNING_SUSPECT
 0DED:4057       SCANFORPRIMARYPARTITIONS
 0DED:4291       READ1LBASECTOR
 0DED:43A1       PROCESSDISK
 0DED:4535       BIOS_NRDRIVES
 0DED:456A       BIOS_DRIVE_RESET
 0DED:458D       MAKE_DDT
 0DED:4607       READALLPARTITIONTABLES
 0DED:47BD       DSK_INIT
 0DED:47D2       INITBCDTOBYTE
 0DED:47F1       INIT_CLK_DRIVER
 0DED:489D       _query_cpu
 0DED:48D6       __InitTextEnd
 127B:0000       __INIT_DATA_START
 127B:015A       LOL
 127B:02B4       MENUCOLOR
 127B:02B8       CONFIG
 127B:02CB       MENUTIMEOUT
 127B:02CD       COMMANDS
 127B:0407       SPECIFICCOUNTRIESSUPPORTED
 127B:0A46       CURRENTKERNELSEGMENT
 127B:0B24       EXTLBAFORCE
 127B:0B26       FLOPPY_BPBS
 127B:0F68       __INIT_DATA_END
 127B:0F68       __ib_start
 127B:0F68       INITKERNELCONFIG
 127B:11E0       ASKTHISSINGLECOMMAND
 127B:11E1       DONTASKTHISSINGLECOMMAND
 127B:11E2       SZBUF
 127B:12E2       MENUS
 127B:12E4       SZLINE
 127B:13E4       LPTOP
 127B:13E8       HMASTATE
 127B:13E9       MENULINE
 127B:13EB       UMBSTATE
 127B:13ED       UMB_TOP
 127B:13EF       BASE_SEG
 127B:13F1       NCFGLINE
 127B:13F3       RAM_TOP
 127B:13F5       EBDA_SIZE
 127B:13F7       NMENULINE
 127B:13F9       MENUSTRUCT
 127B:174B       MENUSELECTED
 127B:174C       UMB_START
 127B:174E       SINGLESTEP
 127B:174F       PLINESTART
 127B:1751       MASTER_ENV
 127B:17D1       SKIPALLCONFIG
 127B:17D2       UMB_BASE_SEG
 127B:17D4       INSTALLCOMMANDS
 127B:1CE8       NUMINSTALLCMDS
 127B:1CEA       HMAFREE
 127B:1CEC       DOSLOADEDINHMA
 127B:1CED       HMACLAIMED
 127B:1D36       INITDISKTRANSFERBUFFER
 127B:1F36       NUNITS
 127B:1F38       __ib_end
 127B:2338       init_tos
 127B:2348       __init_end

Program entry point at 0000:0000

