Publics by module

STR0000 	size = 23
	_TEXT_ERROR_INVALID_SWITCH      

STR0001 	size = 23
	_TEXT_ERROR_INVALID_LSWITCH     

STR0002 	size = 25
	_TEXT_ERROR_ILLFORMED_OPTION    

STR0003 	size = 38
	_TEXT_ERROR_OPT_ARG             

STR0004 	size = 35
	_TEXT_ERROR_OPT_NOARG           

STR0005 	size = 34
	_TEXT_INVALID_NUMBER            

STR0006 	size = 27
	_TEXT_ERROR_CLOSE_QUOTE         

STR0007 	size = 31
	_TEXT_ERROR_TEMPFILE            

STR0008 	size = 29
	_TEXT_ERROR_TOO_MANY_PARAMETERS_S

STR0009 	size = 22
	_TEXT_ERROR_TOO_MANY_PARAMETERS 

STR000A 	size = 27
	_TEXT_ERROR_INVALID_PARAMETER   

STR000B 	size = 17
	_TEXT_ERROR_PATH_NOT_FOUND      

STR000C 	size = 17
	_TEXT_ERROR_FILE_NOT_FOUND      

STR000D 	size = 24
	_TEXT_ERROR_SFILE_NOT_FOUND     

STR000E 	size = 29
	_TEXT_ERROR_REQ_PARAM_MISSING   

STR000F 	size = 20
	_TEXT_ERROR_INVALID_DRIVE       

STR0010 	size = 33
	_TEXT_ERROR_BADCOMMAND          

STR0011 	size = 22
	_TEXT_ERROR_OUT_OF_MEMORY       

STR0012 	size = 34
	_TEXT_ERROR_OUT_OF_DOS_MEMORY   

STR0013 	size = 43
	_TEXT_ERROR_CANNOTPIPE          

STR0014 	size = 39
	_TEXT_ERROR_LONG_LINE_BATCHFILE 

STR0015 	size = 27
	_TEXT_ERROR_BFILE_VANISHED      

STR0016 	size = 45
	_TEXT_ERROR_BFILE_LABEL         

STR0017 	size = 21
	_TEXT_ERROR_DIRFCT_FAILED       

STR0018 	size = 58
	_TEXT_ERROR_SET_ENV_VAR         

STR0019 	size = 38
	_TEXT_ERROR_ENV_VAR_NOT_FOUND   

STR001A 	size = 56
	_TEXT_ERROR_NO_ENVIRONMENT      

STR001B 	size = 43
	_TEXT_ERROR_SET_ALIAS           

STR001C 	size = 23
	_TEXT_ERROR_ALIAS_NOT_FOUND     

STR001D 	size = 37
	_TEXT_ERROR_NO_ALIAS_SEGMENT    

STR001E 	size = 22
	_TEXT_ERROR_SYNTAX_STR          

STR001F 	size = 15
	_TEXT_ERROR_SYNTAX              

STR0020 	size = 27
	_TEXT_ERROR_FILENAME_TOO_LONG   

STR0021 	size = 28
	_TEXT_ERROR_SELFCOPY            

STR0022 	size = 46
	_TEXT_ERROR_COMMAND_TOO_LONG    

STR0023 	size = 41
	_TEXT_ERROR_LINE_TOO_LONG       

STR0024 	size = 28
	_TEXT_ERROR_HISTORY_SIZE        

STR0025 	size = 29
	_TEXT_HISTORY_EMPTY             

STR0026 	size = 51
	_TEXT_ERROR_BAD_MCB_CHAIN       

STR0027 	size = 21
	_TEXT_ERROR_UNDEFINED_ERROR     

STR0028 	size = 37
	_TEXT_ERROR_REGION_WARNING      

STR0029 	size = 25
	_TEXT_ERROR_ON_OR_OFF           

STR002A 	size = 29
	_TEXT_ERROR_BAD_VARIABLE        

STR002B 	size = 18
	_TEXT_ERROR_IN_MISSING          

STR002C 	size = 34
	_TEXT_ERROR_MISSING_PARENTHESES 

STR002D 	size = 18
	_TEXT_ERROR_DO_MISSING          

STR002E 	size = 37
	_TEXT_ERROR_NO_COMMAND_AFTER_DO 

STR002F 	size = 40
	_TEXT_ERROR_REDIRECT_FROM_FILE  

STR0030 	size = 39
	_TEXT_ERROR_REDIRECT_TO_FILE    

STR0031 	size = 20
	_TEXT_ERROR_EMPTY_REDIRECTION   

STR0032 	size = 15
	_TEXT_ERROR_INVALID_DATE        

STR0033 	size = 15
	_TEXT_ERROR_INVALID_TIME        

STR0034 	size = 30
	_TEXT_ERROR_NO_GOTO_LABEL       

STR0035 	size = 59
	_TEXT_CTTY_NOTIMPLEMENTED       

STR0036 	size = 39
	_TEXT_ERROR_NORW_DEVICE         

STR0037 	size = 48
	_TEXT_ERROR_CTTY_DUP            

STR0038 	size = 25
	_TEXT_ERROR_L_NOTIMPLEMENTED    

STR0039 	size = 25
	_TEXT_ERROR_U_NOTIMPLEMENTED    

STR003A 	size = 31
	_TEXT_ERROR_WRITING_DEST        

STR003B 	size = 31
	_TEXT_ERROR_CANNOT_OPEN_SOURCE  

STR003C 	size = 26
	_TEXT_ERROR_OPEN_FILE           

STR003D 	size = 31
	_TEXT_ERROR_READ_FILE           

STR003E 	size = 30
	_TEXT_ERROR_WRITE_FILE          

STR003F 	size = 60
	_TEXT_ERROR_LEADING_PLUS        

STR0040 	size = 61
	_TEXT_ERROR_TRAILING_PLUS       

STR0041 	size = 16
	_TEXT_ERROR_NOTHING_TO_DO       

STR0042 	size = 13
	_TEXT_ERROR_COPY                

STR0043 	size = 28
	_TEXT_ERROR_IF_EXIST_NO_FILENAME

STR0044 	size = 31
	_TEXT_ERROR_IF_ERRORLEVEL_NO_NUMB

STR0045 	size = 31
	_TEXT_ERROR_IF_ERRORLEVEL_INVALID

STR0046 	size = 21
	_TEXT_ERROR_IF_MISSING_COMMAND  

STR0047 	size = 30
	_TEXT_NOT_IMPLEMENTED_YET       

STR0048 	size = 38
	_TEXT_FAILED_LOAD_STRINGS       

STR0049 	size = 58
	_TEXT_MSG_NOTIMPLEMENTED        

STR004A 	size = 21
	_TEXT_MSG_ITEMS_DISPLAYED       

STR004B 	size = 125
	_TEXT_CORRUPT_COMMAND_LINE      

STR004C 	size = 59
	_TEXT_QUOTED_C_OR_K             

STR004D 	size = 176
	_TEXT_INIT_FULLY_QUALIFIED      

STR004E 	size = 146
	_TEXT_ERROR_RESTORE_SESSION     

STR004F 	size = 146
	_TEXT_ERROR_SAVE_SESSION        

STR0050 	size = 27
	_TEXT_ERROR_CWD_FAILED          

STR0051 	size = 52
	_TEXT_ERROR_KSWAP_ALIAS_SIZE    

STR0052 	size = 46
	_TEXT_ERROR_KSWAP_ALLOCMEM      

STR0053 	size = 21
	_TEXT_ERROR_ALIAS_OUT_OF_MEM    

STR0054 	size = 21
	_TEXT_ERROR_ALIAS_NO_SUCH       

STR0055 	size = 25
	_TEXT_ERROR_ALIAS_INSERT        

STR0056 	size = 26
	_TEXT_ALIAS_INVALID_NAME        

STR0057 	size = 55
	_TEXT_ERROR_LOADING_CONTEXT     

STR0058 	size = 128
	_TEXT_ERROR_CONTEXT_OUT_OF_MEMORY

STR0059 	size = 89
	_TEXT_ERROR_CONTEXT_LENGTH      

STR005A 	size = 212
	_TEXT_ERROR_CONTEXT_ADD_STATUS  

STR005B 	size = 94
	_TEXT_ERROR_CONTEXT_AFTER_SWAP  

STR005C 	size = 23
	_TEXT_ERROR_PERMISSION_DENIED   

STR005D 	size = 31
	_TEXT_ERROR_NO_SUCH_FILE        

STR005E 	size = 19
	_TEXT_ERROR_UNKNOWN_ERROR       

STR005F 	size = 32
	_TEXT_MSG_PAUSE                 

STR0060 	size = 27
	_TEXT_MSG_HISTORY_SIZE          

STR0061 	size = 51
	_TEXT_MSG_DOSKEY                

STR0062 	size = 12
	_TEXT_MSG_ECHO_STATE            

STR0063 	size = 14
	_TEXT_MSG_VERIFY_STATE          

STR0064 	size = 21
	_TEXT_MSG_FDDEBUG_STATE         

STR0065 	size = 34
	_TEXT_MSG_FDDEBUG_TARGET        

STR0066 	size = 13
	_TEXT_MSG_BREAK_STATE           

STR0067 	size = 14
	_TEXT_MSG_LFNFOR_STATE          

STR0068 	size = 20
	_TEXT_MSG_LFNFOR_COMPLETE_STATE 

STR0069 	size = 20
	_TEXT_MSG_CURRENT_DATE          

STR006A 	size = 34
	_TEXT_MSG_ENTER_DATE_AMERICAN   

STR006B 	size = 34
	_TEXT_MSG_ENTER_DATE_EUROPE     

STR006C 	size = 34
	_TEXT_MSG_ENTER_DATE_JAPANESE   

STR006D 	size = 20
	_TEXT_MSG_CURRENT_TIME          

STR006E 	size = 4
	_TEXT_STRING_PM                 

STR006F 	size = 4
	_TEXT_STRING_AM                 

STR0070 	size = 17
	_TEXT_MSG_ENTER_TIME            

STR0071 	size = 10
	_TEXT_MSG_COPYING               

STR0072 	size = 71
	_PROMPT_DELETE_ALL              

STR0073 	size = 41
	_PROMPT_YES_NO                  

STR0074 	size = 91
	_PROMPT_CANCEL_BATCH            

STR0075 	size = 59
	_PROMPT_OVERWRITE_FILE          

STR0076 	size = 59
	_PROMPT_APPEND_FILE             

STR0077 	size = 56
	_PROMPT_DELETE_FILE             

STR0078 	size = 11
	_TEXT_UNKNOWN_FILENAME          

STR0079 	size = 24
	_TEXT_DIRSTACK_EMPTY            

STR007A 	size = 21
	_TEXT_DIR_HDR_VOLUME            

STR007B 	size = 7
	_TEXT_DIR_HDR_VOLUME_STRING     

STR007C 	size = 14
	_TEXT_DIR_HDR_VOLUME_NONE       

STR007D 	size = 36
	_TEXT_DIR_HDR_SERIAL_NUMBER     

STR007E 	size = 13
	_TEXT_DIR_FTR_FILES             

STR007F 	size = 15
	_TEXT_DIR_FTR_BYTES             

STR0080 	size = 21
	_TEXT_DIR_FTR_TOTAL_NUMBER      

STR0081 	size = 12
	_TEXT_DIR_FTR_DIRS              

STR0082 	size = 18
	_TEXT_DIR_FTR_BYTES_FREE        

STR0083 	size = 17
	_TEXT_DIR_DIRECTORY             

STR0084 	size = 18
	_TEXT_DIR_DIRECTORY_WITH_SPACE  

STR0085 	size = 6
	_TEXT_DIR_LINE_FILENAME_WIDE    

STR0086 	size = 4
	_TEXT_DIR_LINE_FILENAME_BARE    

STR0087 	size = 6
	_TEXT_DIR_LINE_FILENAME_SINGLE  

STR0088 	size = 11
	_TEXT_DIR_LINE_FILENAME         

STR0089 	size = 15
	_TEXT_DIR_LINE_SIZE_DIR         

STR008A 	size = 9
	_TEXT_DIR_LINE_SIZE             

STR008B 	size = 6
	_TEXT_FILE_COMPLATION_DISPLAY   

STR008C 	size = 9
	_TEXT_MSG_PATH                  

STR008D 	size = 25
	_TEXT_MSG_PATH_NONE             

STR008E 	size = 4
	_TEXT_WEEKDAY_SHORT_NAME_SUNDAY 

STR008F 	size = 4
	_TEXT_WEEKDAY_SHORT_NAME_MONDAY 

STR0090 	size = 4
	_TEXT_WEEKDAY_SHORT_NAME_TUESDAY

STR0091 	size = 4
	_TEXT_WEEKDAY_SHORT_NAME_WEDNSDAY

STR0092 	size = 4
	_TEXT_WEEKDAY_SHORT_NAME_THURSDAY

STR0093 	size = 4
	_TEXT_WEEKDAY_SHORT_NAME_FRIDAY 

STR0094 	size = 4
	_TEXT_WEEKDAY_SHORT_NAME_SATURDAY

STR0095 	size = 18
	_TEXT_MSG_DEL_CNT_FILES         

STR0096 	size = 19
	_TEXT_MSG_DEL_CNT_FILES_1       

STR0097 	size = 19
	_TEXT_MSG_DEL_CNT_FILES_2       

STR0098 	size = 30
	_TEXT_MSG_SHOWCMD_INTERNAL_COMMAN

STR0099 	size = 22
	_TEXT_MSG_SHOWCMD_FEATURES      

STR009A 	size = 11
	_TEXT_SHOWCMD_FEATURE_ALIASES   

STR009B 	size = 18
	_TEXT_SHOWCMD_FEATURE_ENHANCED_IN

STR009C 	size = 11
	_TEXT_SHOWCMD_FEATURE_HISTORY   

STR009D 	size = 23
	_TEXT_SHOWCMD_FEATURE_FILENAME_CO

STR009E 	size = 12
	_TEXT_SHOWCMD_FEATURE_SWAP_EXEC 

STR009F 	size = 17
	_TEXT_SHOWCMD_FEATURE_CALL_LOGGIN

STR00A0 	size = 12
	_TEXT_SHOWCMD_FEATURE_LAST_DIR  

STR00A1 	size = 18
	_TEXT_SHOWCMD_FEATURE_LONG_FILENA

STR00A2 	size = 15
	_TEXT_SHOWCMD_FEATURE_KERNEL_SWAP

STR00A3 	size = 12
	_TEXT_SHOWCMD_FEATURE_XMS_SWAP  

STR00A4 	size = 19
	_TEXT_SHOWCMD_DEFAULT_TO_SWAP   

STR00A5 	size = 24
	_TEXT_SHOWCMD_FEATURE_INSTALLABLE

STR00A6 	size = 11
	_TEXT_SHOWCMD_FEATURE_NLS       

STR00A7 	size = 27
	_TEXT_SHOWCMD_FEATURE_DIRSTACK  

STR00A8 	size = 21
	_TEXT_SHOWCMD_FEATURE_DEBUG     

STR00A9 	size = 49
	_TEXT_MSG_INIT_BYPASS_AUTOEXEC  

STR00AA 	size = 17
	_TEXT_MSG_INIT_BYPASSING_AUTOEXEC

STR00AB 	size = 19
	_TEXT_MSG_VER_DOS_VERSION       

STR00AC 	size = 38
	_TEXT_MSG_VER_EARLY_FREEDOS     

STR00AD 	size = 33
	_TEXT_MSG_VER_LATER_FREEDOS     

STR00AE 	size = 409
	_TEXT_MSG_VER_WARRANTY          

STR00AF 	size = 415
	_TEXT_MSG_VER_REDISTRIBUTION    

STR00B0 	size = 298
	_TEXT_MSG_VER_DEVELOPERS        

STR00B1 	size = 230
	_TEXT_MSG_REBOOT_NOW            

STR00B2 	size = 137
	_TEXT_MSG_FREECOM_NOT_FOUND     

STR00B3 	size = 56
	_TEXT_MEMORY_ENVIRONMENT        

STR00B4 	size = 56
	_TEXT_MEMORY_CONTEXT            

STR00B5 	size = 42
	_TEXT_MEMORY_HEAP               

STR00B6 	size = 65
	_TEXT_MEMORY_CTXT_ALIAS         

STR00B7 	size = 65
	_TEXT_MEMORY_CTXT_HISTORY       

STR00B8 	size = 65
	_TEXT_MEMORY_CTXT_DIRSTACK      

STR00B9 	size = 46
	_TEXT_MEMORY_CTXT_LASTDIR       

STR00BA 	size = 46
	_TEXT_MEMORY_CTXT_BATCH         

STR00BB 	size = 46
	_TEXT_MEMORY_CTXT_SWAPINFO      

STR00BC 	size = 49
	_TEXT_ERROR_GET_CODEPAGE        

STR00BD 	size = 37
	_TEXT_ERROR_SET_CODEPAGE        

STR00BE 	size = 68
	_TEXT_DISPLAY_CODEPAGE          

STR00BF 	size = 236
	_TEXT_CMDHELP_ALIAS             

STR00C0 	size = 20
	_TEXT_CMDHELP_BEEP              

STR00C1 	size = 130
	_TEXT_CMDHELP_BREAK             

STR00C2 	size = 317
	_TEXT_CMDHELP_CALL              

STR00C3 	size = 416
	_TEXT_CMDHELP_CD                

STR00C4 	size = 407
	_TEXT_CMDHELP_CDD               

STR00C5 	size = 169
	_TEXT_CMDHELP_CHCP              

STR00C6 	size = 25
	_TEXT_CMDHELP_CLS               

STR00C7 	size = 1165
	_TEXT_CMDHELP_COMMAND           

STR00C8 	size = 909
	_TEXT_CMDHELP_COPY              

STR00C9 	size = 134
	_TEXT_CMDHELP_CTTY              

STR00CA 	size = 217
	_TEXT_CMDHELP_DATE              

STR00CB 	size = 325
	_TEXT_CMDHELP_DEL               

STR00CC 	size = 1347
	_TEXT_CMDHELP_DIR               

STR00CD 	size = 379
	_TEXT_CMDHELP_DOSKEY            

STR00CE 	size = 1427
	_TEXT_CMDHELP_ORIGINAL_DOSKEY   

STR00CF 	size = 159
	_TEXT_CMDHELP_ECHO              

STR00D0 	size = 62
	_TEXT_CMDHELP_EXIT              

STR00D1 	size = 551
	_TEXT_CMDHELP_FOR               

STR00D2 	size = 214
	_TEXT_CMDHELP_GOTO              

STR00D3 	size = 178
	_TEXT_CMDHELP_HISTORY           

STR00D4 	size = 774
	_TEXT_CMDHELP_IF                

STR00D5 	size = 217
	_TEXT_CMDHELP_LFNFOR            

STR00D6 	size = 806
	_TEXT_CMDHELP_LH                

STR00D7 	size = 226
	_TEXT_CMDHELP_LOADFIX           

STR00D8 	size = 58
	_TEXT_CMDHELP_MD                

STR00D9 	size = 263
	_TEXT_CMDHELP_PATH              

STR00DA 	size = 149
	_TEXT_CMDHELP_PAUSE             

STR00DB 	size = 612
	_TEXT_CMDHELP_PROMPT            

STR00DC 	size = 187
	_TEXT_CMDHELP_PUSHD             

STR00DD 	size = 123
	_TEXT_CMDHELP_POPD              

STR00DE 	size = 53
	_TEXT_CMDHELP_DIRS              

STR00DF 	size = 75
	_TEXT_CMDHELP_RD                

STR00E0 	size = 74
	_TEXT_CMDHELP_REM               

STR00E1 	size = 315
	_TEXT_CMDHELP_REN               

STR00E2 	size = 801
	_TEXT_CMDHELP_SET               

STR00E3 	size = 165
	_TEXT_CMDHELP_SHIFT             

STR00E4 	size = 228
	_TEXT_CMDHELP_TIME              

STR00E5 	size = 87
	_TEXT_CMDHELP_TRUENAME          

STR00E6 	size = 67
	_TEXT_CMDHELP_TYPE              

STR00E7 	size = 303
	_TEXT_CMDHELP_VER               

STR00E8 	size = 189
	_TEXT_CMDHELP_VERIFY            

STR00E9 	size = 478
	_TEXT_CMDHELP_FDDEBUG           

STR00EA 	size = 80
	_TEXT_CMDHELP_VOL               

STR00EB 	size = 275
	_TEXT_CMDHELP_QUESTION          

STR00EC 	size = 89
	_TEXT_CMDHELP_WHICH             

STR00ED 	size = 67
	_TEXT_CMDHELP_MEMORY            

STR00EE 	size = 62
	_TEXT_ERROR_COPY_PLUS_DESTINATION

STR00EF 	size = 21
	_TEXT_DELETE_FILE               

STR00F0 	size = 72
	_TEXT_ERROR_WRITE_FILE_DISC_FULL

STR00F1 	size = 20
	_TEXT_COPY_COPIED_NO_END        

STR00F2 	size = 20
	_TEXT_COPY_COPIED               

STR00F3 	size = 34
	_TEXT_ERROR_FCOM_IS_DEVICE      

STR00F4 	size = 65
	_TEXT_ERROR_FCOM_INVALID        

STR00F5 	size = 254
	_TEXT_ERROR_LOADING_STRINGS     

STR00F6 	size = 18
	_TEXT_TERMINATING               

STR00F7 	size = 40
	_TEXT_HIDDEN_CRITER             

STR00F8 	size = 45
	_TEXT_DISP_EXITCODE             

STR00F9 	size = 14
	_TEXT_EXIT_REASON_NEG_1         

STR00FA 	size = 20
	_TEXT_EXIT_REASON_0             

STR00FB 	size = 21
	_TEXT_EXIT_REASON_1             

STR00FC 	size = 29
	_TEXT_EXIT_REASON_2             

STR00FD 	size = 14
	_TEXT_EXIT_REASON_3             
